config_topic=homeassistant/binary_sensor/vigil_golden_cam_alpha/active/config | component=binary_sensor | default_entity_id=binary_sensor.vigil_golden_cam_alpha_active | unique_id=vigil_golden_cam_alpha_active | device_identifier=vigil_golden_cam_alpha | via_device=vigil_vigil_golden_site
config_topic=homeassistant/binary_sensor/vigil_golden_cam_beta/active/config | component=binary_sensor | default_entity_id=binary_sensor.vigil_golden_cam_beta_active | unique_id=vigil_golden_cam_beta_active | device_identifier=vigil_golden_cam_beta | via_device=vigil_vigil_golden_site
config_topic=homeassistant/button/vigil_golden_cam_alpha/snapshot/config | component=button | default_entity_id=button.vigil_golden_cam_alpha_snapshot_trigger | unique_id=vigil_golden_cam_alpha_snapshot_trigger | device_identifier=vigil_golden_cam_alpha | via_device=vigil_vigil_golden_site
config_topic=homeassistant/button/vigil_golden_cam_beta/snapshot/config | component=button | default_entity_id=button.vigil_golden_cam_beta_snapshot_trigger | unique_id=vigil_golden_cam_beta_snapshot_trigger | device_identifier=vigil_golden_cam_beta | via_device=vigil_vigil_golden_site
config_topic=homeassistant/event/vigil_golden_cam_alpha/detection/config | component=event | default_entity_id=event.vigil_golden_cam_alpha_detection | unique_id=vigil_golden_cam_alpha_detection | device_identifier=vigil_golden_cam_alpha | via_device=vigil_vigil_golden_site
config_topic=homeassistant/event/vigil_golden_cam_beta/detection/config | component=event | default_entity_id=event.vigil_golden_cam_beta_detection | unique_id=vigil_golden_cam_beta_detection | device_identifier=vigil_golden_cam_beta | via_device=vigil_vigil_golden_site
config_topic=homeassistant/image/vigil_golden_cam_alpha/snapshot/config | component=image | default_entity_id=image.vigil_golden_cam_alpha_snapshot | unique_id=vigil_golden_cam_alpha_snapshot | device_identifier=vigil_golden_cam_alpha | via_device=vigil_vigil_golden_site
config_topic=homeassistant/image/vigil_golden_cam_beta/snapshot/config | component=image | default_entity_id=image.vigil_golden_cam_beta_snapshot | unique_id=vigil_golden_cam_beta_snapshot | device_identifier=vigil_golden_cam_beta | via_device=vigil_vigil_golden_site
config_topic=homeassistant/sensor/vigil_vigil_golden_site/running/config | component=sensor | default_entity_id=sensor.vigil_vigil_golden_site_running | unique_id=vigil_vigil_golden_site_running | device_identifier=vigil_vigil_golden_site | via_device=-
config_topic=homeassistant/switch/vigil_golden_cam_alpha/enabled/config | component=switch | default_entity_id=switch.vigil_golden_cam_alpha_enabled | unique_id=vigil_golden_cam_alpha_enabled | device_identifier=vigil_golden_cam_alpha | via_device=vigil_vigil_golden_site
config_topic=homeassistant/switch/vigil_golden_cam_beta/enabled/config | component=switch | default_entity_id=switch.vigil_golden_cam_beta_enabled | unique_id=vigil_golden_cam_beta_enabled | device_identifier=vigil_golden_cam_beta | via_device=vigil_vigil_golden_site
